// Jest Snapshot v1, https://goo.gl/fbAQLP

exports[`App renders correctly 1`] = `
<div>
  header
</div>
`;

exports[`HeaderFrame renders the heading: HeaderFrame 1`] = `
<div>
  header
</div>
`;
